PHPUnit 12.5.16 by Sebastian Bergmann and contributors.

Runtime:       PHP 8.4.0
Configuration: C:\Users\gsuyo\OneDrive\Desktop\calendar-app\backend\phpunit.xml

F....                                                               5 / 5 (100%)

Time: 00:00.278, Memory: 8.00 MB

There was 1 failure:

1) Tests\Feature\BackendApiTest::test_auth_registration_and_login
Expected response status code [201] but received 500.
Failed asserting that 500 is identical to 201.

The following exception occurred during the last request:

BadMethodCallException: Call to undefined method App\Models\User::createToken() in C:\Users\gsuyo\OneDrive\Desktop\calendar-app\backend\vendor\laravel\framework\src\Illuminate\Support\Traits\ForwardsCalls.php:67
Stack trace:
#0 C:\Users\gsuyo\OneDrive\Desktop\calendar-app\backend\vendor\laravel\framework\src\Illuminate\Support\Traits\ForwardsCalls.php(36): Illuminate\Database\Eloquent\Model::throwBadMethodCallException('createToken')
#1 C:\Users\gsuyo\OneDrive\Desktop\calendar-app\backend\vendor\laravel\framework\src\Illuminate\Database\Eloquent\Model.php(2793): Illuminate\Database\Eloquent\Model->forwardCallTo(Object(Illuminate\Database\Eloquent\Builder), 'createToken', Array)
#2 C:\Users\gsuyo\OneDrive\Desktop\calendar-app\backend\app\Http\Controllers\Api\AuthController.php(30): Illuminate\Database\Eloquent\Model->__call('createToken', Array)
#3 C:\Users\gsuyo\OneDrive\Desktop\calendar-app\backend\vendor\laravel\framework\src\Illuminate\Routing\ControllerDispatcher.php(46): App\Http\Controllers\Api\AuthController->register(Object(Illuminate\Http\Request))
#4 C:\Users\gsuyo\OneDrive\Desktop\calendar-app\backend\vendor\laravel\framework\src\Illuminate\Routing\Route.php(269): Illuminate\Routing\ControllerDispatcher->dispatch(Object(Illuminate\Routing\Route), Object(App\Http\Controllers\Api\AuthController), 'register')
#5 C:\Users\gsuyo\OneDrive\Desktop\calendar-app\backend\vendor\laravel\framework\src\Illuminate\Routing\Route.php(215): Illuminate\Routing\Route->runController()
#6 C:\Users\gsuyo\OneDrive\Desktop\calendar-app\backend\vendor\laravel\framework\src\Illuminate\Routing\Router.php(822): Illuminate\Routing\Route->run()
#7 C:\Users\gsuyo\OneDrive\Desktop\calendar-app\backend\vendor\laravel\framework\src\Illuminate\Pipeline\Pipeline.php(180): Illuminate\Routing\Router->{closure:Illuminate\Routing\Router::runRouteWithinStack():821}(Object(Illuminate\Http\Request))
#8 C:\Users\gsuyo\OneDrive\Desktop\calendar-app\backend\vendor\laravel\framework\src\Illuminate\Routing\Middleware\SubstituteBindings.php(52): Illuminate\Pipeline\Pipeline->{closure:Illuminate\Pipeline\Pipeline::prepareDestination():178}(Object(Illuminate\Http\Request))
#9 C:\Users\gsuyo\OneDrive\Desktop\calendar-app\backend\vendor\laravel\framework\src\Illuminate\Pipeline\Pipeline.php(219): Illuminate\Routing\Middleware\SubstituteBindings->handle(Object(Illuminate\Http\Request), Object(Closure))
#10 C:\Users\gsuyo\OneDrive\Desktop\calendar-app\backend\vendor\laravel\framework\src\Illuminate\Pipeline\Pipeline.php(137): Illuminate\Pipeline\Pipeline->{closure:{closure:Illuminate\Pipeline\Pipeline::carry():194}:195}(Object(Illuminate\Http\Request))
#11 C:\Users\gsuyo\OneDrive\Desktop\calendar-app\backend\vendor\laravel\framework\src\Illuminate\Routing\Router.php(821): Illuminate\Pipeline\Pipeline->then(Object(Closure))
#12 C:\Users\gsuyo\OneDrive\Desktop\calendar-app\backend\vendor\laravel\framework\src\Illuminate\Routing\Router.php(800): Illuminate\Routing\Router->runRouteWithinStack(Object(Illuminate\Routing\Route), Object(Illuminate\Http\Request))
#13 C:\Users\gsuyo\OneDrive\Desktop\calendar-app\backend\vendor\laravel\framework\src\Illuminate\Routing\Router.php(764): Illuminate\Routing\Router->runRoute(Object(Illuminate\Http\Request), Object(Illuminate\Routing\Route))
#14 C:\Users\gsuyo\OneDrive\Desktop\calendar-app\backend\vendor\laravel\framework\src\Illuminate\Routing\Router.php(753): Illuminate\Routing\Router->dispatchToRoute(Object(Illuminate\Http\Request))
#15 C:\Users\gsuyo\OneDrive\Desktop\calendar-app\backend\vendor\laravel\framework\src\Illuminate\Foundation\Http\Kernel.php(200): Illuminate\Routing\Router->dispatch(Object(Illuminate\Http\Request))
#16 C:\Users\gsuyo\OneDrive\Desktop\calendar-app\backend\vendor\laravel\framework\src\Illuminate\Pipeline\Pipeline.php(180): Illuminate\Foundation\Http\Kernel->{closure:Illuminate\Foundation\Http\Kernel::dispatchToRouter():197}(Object(Illuminate\Http\Request))
#17 C:\Users\gsuyo\OneDrive\Desktop\calendar-app\backend\vendor\laravel\framework\src\Illuminate\Foundation\Http\Middleware\TransformsRequest.php(21): Illuminate\Pipeline\Pipeline->{closure:Illuminate\Pipeline\Pipeline::prepareDestination():178}(Object(Illuminate\Http\Request))
#18 C:\Users\gsuyo\OneDrive\Desktop\calendar-app\backend\vendor\laravel\framework\src\Illuminate\Foundation\Http\Middleware\ConvertEmptyStringsToNull.php(31): Illuminate\Foundation\Http\Middleware\TransformsRequest->handle(Object(Illuminate\Http\Request), Object(Closure))
#19 C:\Users\gsuyo\OneDrive\Desktop\calendar-app\backend\vendor\laravel\framework\src\Illuminate\Pipeline\Pipeline.php(219): Illuminate\Foundation\Http\Middleware\ConvertEmptyStringsToNull->handle(Object(Illuminate\Http\Request), Object(Closure))
#20 C:\Users\gsuyo\OneDrive\Desktop\calendar-app\backend\vendor\laravel\framework\src\Illuminate\Foundation\Http\Middleware\TransformsRequest.php(21): Illuminate\Pipeline\Pipeline->{closure:{closure:Illuminate\Pipeline\Pipeline::carry():194}:195}(Object(Illuminate\Http\Request))
#21 C:\Users\gsuyo\OneDrive\Desktop\calendar-app\backend\vendor\laravel\framework\src\Illuminate\Foundation\Http\Middleware\TrimStrings.php(51): Illuminate\Foundation\Http\Middleware\TransformsRequest->handle(Object(Illuminate\Http\Request), Object(Closure))
#22 C:\Users\gsuyo\OneDrive\Desktop\calendar-app\backend\vendor\laravel\framework\src\Illuminate\Pipeline\Pipeline.php(219): Illuminate\Foundation\Http\Middleware\TrimStrings->handle(Object(Illuminate\Http\Request), Object(Closure))
#23 C:\Users\gsuyo\OneDrive\Desktop\calendar-app\backend\vendor\laravel\framework\src\Illuminate\Http\Middleware\ValidatePostSize.php(27): Illuminate\Pipeline\Pipeline->{closure:{closure:Illuminate\Pipeline\Pipeline::carry():194}:195}(Object(Illuminate\Http\Request))
#24 C:\Users\gsuyo\OneDrive\Desktop\calendar-app\backend\vendor\laravel\framework\src\Illuminate\Pipeline\Pipeline.php(219): Illuminate\Http\Middleware\ValidatePostSize->handle(Object(Illuminate\Http\Request), Object(Closure))
#25 C:\Users\gsuyo\OneDrive\Desktop\calendar-app\backend\vendor\laravel\framework\src\Illuminate\Foundation\Http\Middleware\PreventRequestsDuringMaintenance.php(109): Illuminate\Pipeline\Pipeline->{closure:{closure:Illuminate\Pipeline\Pipeline::carry():194}:195}(Object(Illuminate\Http\Request))
#26 C:\Users\gsuyo\OneDrive\Desktop\calendar-app\backend\vendor\laravel\framework\src\Illuminate\Pipeline\Pipeline.php(219): Illuminate\Foundation\Http\Middleware\PreventRequestsDuringMaintenance->handle(Object(Illuminate\Http\Request), Object(Closure))
#27 C:\Users\gsuyo\OneDrive\Desktop\calendar-app\backend\vendor\laravel\framework\src\Illuminate\Http\Middleware\HandleCors.php(74): Illuminate\Pipeline\Pipeline->{closure:{closure:Illuminate\Pipeline\Pipeline::carry():194}:195}(Object(Illuminate\Http\Request))
#28 C:\Users\gsuyo\OneDrive\Desktop\calendar-app\backend\vendor\laravel\framework\src\Illuminate\Pipeline\Pipeline.php(219): Illuminate\Http\Middleware\HandleCors->handle(Object(Illuminate\Http\Request), Object(Closure))
#29 C:\Users\gsuyo\OneDrive\Desktop\calendar-app\backend\vendor\laravel\framework\src\Illuminate\Http\Middleware\TrustProxies.php(58): Illuminate\Pipeline\Pipeline->{closure:{closure:Illuminate\Pipeline\Pipeline::carry():194}:195}(Object(Illuminate\Http\Request))
#30 C:\Users\gsuyo\OneDrive\Desktop\calendar-app\backend\vendor\laravel\framework\src\Illuminate\Pipeline\Pipeline.php(219): Illuminate\Http\Middleware\TrustProxies->handle(Object(Illuminate\Http\Request), Object(Closure))
#31 C:\Users\gsuyo\OneDrive\Desktop\calendar-app\backend\vendor\laravel\framework\src\Illuminate\Foundation\Http\Middleware\InvokeDeferredCallbacks.php(22): Illuminate\Pipeline\Pipeline->{closure:{closure:Illuminate\Pipeline\Pipeline::carry():194}:195}(Object(Illuminate\Http\Request))
#32 C:\Users\gsuyo\OneDrive\Desktop\calendar-app\backend\vendor\laravel\framework\src\Illuminate\Pipeline\Pipeline.php(219): Illuminate\Foundation\Http\Middleware\InvokeDeferredCallbacks->handle(Object(Illuminate\Http\Request), Object(Closure))
#33 C:\Users\gsuyo\OneDrive\Desktop\calendar-app\backend\vendor\laravel\framework\src\Illuminate\Http\Middleware\ValidatePathEncoding.php(28): Illuminate\Pipeline\Pipeline->{closure:{closure:Illuminate\Pipeline\Pipeline::carry():194}:195}(Object(Illuminate\Http\Request))
#34 C:\Users\gsuyo\OneDrive\Desktop\calendar-app\backend\vendor\laravel\framework\src\Illuminate\Pipeline\Pipeline.php(219): Illuminate\Http\Middleware\ValidatePathEncoding->handle(Object(Illuminate\Http\Request), Object(Closure))
#35 C:\Users\gsuyo\OneDrive\Desktop\calendar-app\backend\vendor\laravel\framework\src\Illuminate\Pipeline\Pipeline.php(137): Illuminate\Pipeline\Pipeline->{closure:{closure:Illuminate\Pipeline\Pipeline::carry():194}:195}(Object(Illuminate\Http\Request))
#36 C:\Users\gsuyo\OneDrive\Desktop\calendar-app\backend\vendor\laravel\framework\src\Illuminate\Foundation\Http\Kernel.php(175): Illuminate\Pipeline\Pipeline->then(Object(Closure))
#37 C:\Users\gsuyo\OneDrive\Desktop\calendar-app\backend\vendor\laravel\framework\src\Illuminate\Foundation\Http\Kernel.php(144): Illuminate\Foundation\Http\Kernel->sendRequestThroughRouter(Object(Illuminate\Http\Request))
#38 C:\Users\gsuyo\OneDrive\Desktop\calendar-app\backend\vendor\laravel\framework\src\Illuminate\Foundation\Testing\Concerns\MakesHttpRequests.php(607): Illuminate\Foundation\Http\Kernel->handle(Object(Illuminate\Http\Request))
#39 C:\Users\gsuyo\OneDrive\Desktop\calendar-app\backend\vendor\laravel\framework\src\Illuminate\Foundation\Testing\Concerns\MakesHttpRequests.php(573): Illuminate\Foundation\Testing\TestCase->call('POST', '/api/register', Array, Array, Array, Array, '{"name":"Alice"...')
#40 C:\Users\gsuyo\OneDrive\Desktop\calendar-app\backend\vendor\laravel\framework\src\Illuminate\Foundation\Testing\Concerns\MakesHttpRequests.php(411): Illuminate\Foundation\Testing\TestCase->json('POST', '/api/register', Array, Array, 0)
#41 C:\Users\gsuyo\OneDrive\Desktop\calendar-app\backend\tests\Feature\BackendApiTest.php(17): Illuminate\Foundation\Testing\TestCase->postJson('/api/register', Array)
#42 C:\Users\gsuyo\OneDrive\Desktop\calendar-app\backend\vendor\phpunit\phpunit\src\Framework\TestCase.php(1332): Tests\Feature\BackendApiTest->test_auth_registration_and_login()
#43 C:\Users\gsuyo\OneDrive\Desktop\calendar-app\backend\vendor\phpunit\phpunit\src\Framework\TestCase.php(519): PHPUnit\Framework\TestCase->runTest()
#44 C:\Users\gsuyo\OneDrive\Desktop\calendar-app\backend\vendor\phpunit\phpunit\src\Framework\TestRunner\TestRunner.php(99): PHPUnit\Framework\TestCase->runBare()
#45 C:\Users\gsuyo\OneDrive\Desktop\calendar-app\backend\vendor\phpunit\phpunit\src\Framework\TestCase.php(359): PHPUnit\Framework\TestRunner->run(Object(Tests\Feature\BackendApiTest))
#46 C:\Users\gsuyo\OneDrive\Desktop\calendar-app\backend\vendor\phpunit\phpunit\src\Framework\TestSuite.php(374): PHPUnit\Framework\TestCase->run()
#47 C:\Users\gsuyo\OneDrive\Desktop\calendar-app\backend\vendor\phpunit\phpunit\src\TextUI\TestRunner.php(64): PHPUnit\Framework\TestSuite->run()
#48 C:\Users\gsuyo\OneDrive\Desktop\calendar-app\backend\vendor\phpunit\phpunit\src\TextUI\Application.php(229): PHPUnit\TextUI\TestRunner->run(Object(PHPUnit\TextUI\Configuration\Configuration), Object(PHPUnit\Runner\ResultCache\DefaultResultCache), Object(PHPUnit\Framework\TestSuite))
#49 C:\Users\gsuyo\OneDrive\Desktop\calendar-app\backend\vendor\phpunit\phpunit\phpunit(104): PHPUnit\TextUI\Application->run(Array)
#50 C:\Users\gsuyo\OneDrive\Desktop\calendar-app\backend\vendor\bin\phpunit(122): include('C:\\Users\\gsuyo\\...')
#51 {main}

----------------------------------------------------------------------------------

Call to undefined method App\Models\User::createToken()

C:\Users\gsuyo\OneDrive\Desktop\calendar-app\backend\vendor\laravel\framework\src\Illuminate\Testing\TestResponseAssert.php:45
C:\Users\gsuyo\OneDrive\Desktop\calendar-app\backend\vendor\laravel\framework\src\Illuminate\Testing\TestResponse.php:176
C:\Users\gsuyo\OneDrive\Desktop\calendar-app\backend\tests\Feature\BackendApiTest.php:24

FAILURES!
Tests: 5, Assertions: 17, Failures: 1.
